// Jest Snapshot v1, https://goo.gl/fbAQLP

exports[`create returns correct AST node 1`] = `
"export interface UsePoolsQuery<TData> extends ReactQueryParams<QueryPoolsResponse, TData> {
  request?: QueryPoolsRequest;
}

const usePools = <TData = QueryPoolsResponse,>({
  request,
  options
}): UseQueryResult<TData> => {
  return useQuery([\\"PoolsQuery\\", request], () => {
    if (!queryService) throw new Error(\\"Query Service not initialized\\");
    return queryService.pools(request);
  }, options);
};"
`;
